10.100.7.71 - - [30/Sep/2015:16:31:27 +0530] "GET /console/ HTTP/1.1" 302 - "-" "Mozilla/5.0 (X11; Linux x86_64) AppleWebKit/537.36 (KHTML, like Gecko) Chrome/44.0.2403.157 Safari/537.36"
10.100.7.71 - - [30/Sep/2015:16:31:27 +0530] "GET /console/login/ HTTP/1.1" 200 1877 "-" "Mozilla/5.0 (X11; Linux x86_64) AppleWebKit/537.36 (KHTML, like Gecko) Chrome/44.0.2403.157 Safari/537.36"
127.0.0.1 - - [30/Sep/2015:16:31:32 +0530] "GET /api/v4.1/session HTTP/1.1" 200 62 "-" "Jakarta Commons-HttpClient/3.1"
10.100.7.71 - - [30/Sep/2015:16:31:32 +0530] "POST /console/controllers/login/login.jag HTTP/1.1" 200 16 "https://172.17.42.1:9443/console/login/" "Mozilla/5.0 (X11; Linux x86_64) AppleWebKit/537.36 (KHTML, like Gecko) Chrome/44.0.2403.157 Safari/537.36"
10.100.7.71 - - [30/Sep/2015:16:31:32 +0530] "GET /console HTTP/1.1" 302 - "https://172.17.42.1:9443/console/login/" "Mozilla/5.0 (X11; Linux x86_64) AppleWebKit/537.36 (KHTML, like Gecko) Chrome/44.0.2403.157 Safari/537.36"
10.100.7.71 - - [30/Sep/2015:16:31:32 +0530] "GET /console/ HTTP/1.1" 200 3019 "https://172.17.42.1:9443/console/login/" "Mozilla/5.0 (X11; Linux x86_64) AppleWebKit/537.36 (KHTML, like Gecko) Chrome/44.0.2403.157 Safari/537.36"
127.0.0.1 - - [30/Sep/2015:16:31:40 +0530] "POST /services/AutoscalerService/ HTTP/1.1" 200 1151 "-" "Axis2"
127.0.0.1 - - [30/Sep/2015:16:31:41 +0530] "GET /api/v4.1/applications HTTP/1.1" 404 63 "-" "Jakarta Commons-HttpClient/3.1"
10.100.7.71 - - [30/Sep/2015:16:31:41 +0530] "GET /console/applications/ HTTP/1.1" 200 4157 "https://172.17.42.1:9443/console/" "Mozilla/5.0 (X11; Linux x86_64) AppleWebKit/537.36 (KHTML, like Gecko) Chrome/44.0.2403.157 Safari/537.36"
127.0.0.1 - - [30/Sep/2015:16:32:06 +0530] "POST /services/AutoscalerService/ HTTP/1.1" 200 328 "-" "Axis2"
127.0.0.1 - - [30/Sep/2015:16:32:06 +0530] "POST /api/autoscalingPolicies HTTP/1.1" 201 122 "-" "curl/7.35.0"
127.0.0.1 - - [30/Sep/2015:16:32:06 +0530] "POST /services/CloudControllerService/ HTTP/1.1" 200 332 "-" "Axis2"
127.0.0.1 - - [30/Sep/2015:16:32:06 +0530] "POST /api/networkPartitions HTTP/1.1" 201 124 "-" "curl/7.35.0"
127.0.0.1 - - [30/Sep/2015:16:32:06 +0530] "POST /services/CloudControllerService/ HTTP/1.1" 200 1984 "-" "Axis2"
127.0.0.1 - - [30/Sep/2015:16:32:06 +0530] "POST /api/deploymentPolicies HTTP/1.1" 201 124 "-" "curl/7.35.0"
127.0.0.1 - - [30/Sep/2015:16:32:06 +0530] "POST /services/AutoscalerService/ HTTP/1.1" 200 328 "-" "Axis2"
127.0.0.1 - - [30/Sep/2015:16:32:07 +0530] "POST /services/CloudControllerService/ HTTP/1.1" 500 1336 "-" "Axis2"
127.0.0.1 - - [30/Sep/2015:16:32:07 +0530] "POST /services/CloudControllerService/ HTTP/1.1" 200 318 "-" "Axis2"
127.0.0.1 - - [30/Sep/2015:16:32:07 +0530] "POST /api/cartridges HTTP/1.1" 201 109 "-" "curl/7.35.0"
127.0.0.1 - - [30/Sep/2015:16:32:07 +0530] "POST /services/CloudControllerService/ HTTP/1.1" 500 1334 "-" "Axis2"
127.0.0.1 - - [30/Sep/2015:16:32:07 +0530] "POST /services/CloudControllerService/ HTTP/1.1" 200 318 "-" "Axis2"
127.0.0.1 - - [30/Sep/2015:16:32:07 +0530] "POST /api/cartridges HTTP/1.1" 201 108 "-" "curl/7.35.0"
127.0.0.1 - - [30/Sep/2015:16:32:07 +0530] "POST /services/CloudControllerService/ HTTP/1.1" 200 2528 "-" "Axis2"
127.0.0.1 - - [30/Sep/2015:16:32:07 +0530] "POST /services/CloudControllerService/ HTTP/1.1" 200 2521 "-" "Axis2"
127.0.0.1 - - [30/Sep/2015:16:32:07 +0530] "POST /services/AutoscalerService/ HTTP/1.1" 200 318 "-" "Axis2"
127.0.0.1 - - [30/Sep/2015:16:32:07 +0530] "POST /services/StratosManagerService/ HTTP/1.1" 202 5 "-" "Axis2"
127.0.0.1 - - [30/Sep/2015:16:32:07 +0530] "POST /api/cartridgeGroups HTTP/1.1" 201 114 "-" "curl/7.35.0"
127.0.0.1 - - [30/Sep/2015:16:32:08 +0530] "POST /services/CloudControllerService/ HTTP/1.1" 200 1984 "-" "Axis2"
127.0.0.1 - - [30/Sep/2015:16:32:08 +0530] "POST /services/AutoscalerService/ HTTP/1.1" 200 328 "-" "Axis2"
127.0.0.1 - - [30/Sep/2015:16:32:08 +0530] "POST /api/applicationPolicies HTTP/1.1" 201 124 "-" "curl/7.35.0"
127.0.0.1 - - [30/Sep/2015:16:32:09 +0530] "POST /services/AutoscalerService/ HTTP/1.1" 200 321 "-" "Axis2"
127.0.0.1 - - [30/Sep/2015:16:32:09 +0530] "POST /services/OAuthAdminService HTTP/1.1" 202 5 "-" "Private PaaS-4.1.0-SNAPSHOT"
127.0.0.1 - - [30/Sep/2015:16:32:09 +0530] "POST /services/OAuthAdminService HTTP/1.1" 200 1226 "-" "Private PaaS-4.1.0-SNAPSHOT"
127.0.0.1 - - [30/Sep/2015:16:32:09 +0530] "POST /services/IdentityApplicationManagementService HTTP/1.1" 200 508 "-" "Private PaaS-4.1.0-SNAPSHOT"
127.0.0.1 - - [30/Sep/2015:16:32:09 +0530] "POST /services/IdentityApplicationManagementService HTTP/1.1" 200 2523 "-" "Private PaaS-4.1.0-SNAPSHOT"
127.0.0.1 - - [30/Sep/2015:16:32:09 +0530] "POST /services/IdentityApplicationManagementService HTTP/1.1" 202 5 "-" "Private PaaS-4.1.0-SNAPSHOT"
127.0.0.1 - - [30/Sep/2015:16:32:10 +0530] "POST /oauth2/token HTTP/1.1" 200 614 "-" "Java/1.7.0_79"
127.0.0.1 - - [30/Sep/2015:16:32:10 +0530] "POST /services/CloudControllerService/ HTTP/1.1" 200 2528 "-" "Axis2"
127.0.0.1 - - [30/Sep/2015:16:32:10 +0530] "POST /services/CloudControllerService/ HTTP/1.1" 200 2521 "-" "Axis2"
127.0.0.1 - - [30/Sep/2015:16:32:10 +0530] "POST /services/CloudControllerService/ HTTP/1.1" 200 2528 "-" "Axis2"
127.0.0.1 - - [30/Sep/2015:16:32:10 +0530] "POST /services/CloudControllerService/ HTTP/1.1" 200 2528 "-" "Axis2"
127.0.0.1 - - [30/Sep/2015:16:32:10 +0530] "POST /services/CloudControllerService/ HTTP/1.1" 200 2521 "-" "Axis2"
127.0.0.1 - - [30/Sep/2015:16:32:10 +0530] "POST /services/CloudControllerService/ HTTP/1.1" 200 2521 "-" "Axis2"
127.0.0.1 - - [30/Sep/2015:16:32:10 +0530] "POST /services/CloudControllerService/ HTTP/1.1" 200 2528 "-" "Axis2"
127.0.0.1 - - [30/Sep/2015:16:32:10 +0530] "POST /services/CloudControllerService/ HTTP/1.1" 200 2521 "-" "Axis2"
127.0.0.1 - - [30/Sep/2015:16:32:10 +0530] "POST /services/AutoscalerService/ HTTP/1.1" 200 316 "-" "Axis2"
127.0.0.1 - - [30/Sep/2015:16:32:10 +0530] "POST /services/StratosManagerService/ HTTP/1.1" 202 5 "-" "Axis2"
127.0.0.1 - - [30/Sep/2015:16:32:10 +0530] "POST /services/StratosManagerService/ HTTP/1.1" 202 5 "-" "Axis2"
127.0.0.1 - - [30/Sep/2015:16:32:10 +0530] "POST /api/applications HTTP/1.1" 201 112 "-" "curl/7.35.0"
127.0.0.1 - - [30/Sep/2015:16:32:11 +0530] "POST /services/AutoscalerService/ HTTP/1.1" 200 7816 "-" "Axis2"
127.0.0.1 - - [30/Sep/2015:16:32:11 +0530] "POST /services/AutoscalerService/ HTTP/1.1" 200 7816 "-" "Axis2"
127.0.0.1 - - [30/Sep/2015:16:32:11 +0530] "POST /services/CloudControllerService HTTP/1.1" 200 564 "-" "Private PaaS-4.1.0-SNAPSHOT"
127.0.0.1 - - [30/Sep/2015:16:32:11 +0530] "POST /services/AutoscalerService/ HTTP/1.1" 200 322 "-" "Axis2"
127.0.0.1 - - [30/Sep/2015:16:32:11 +0530] "POST /api/applications/wso2as-521-application/deploy/application-policy-1 HTTP/1.1" 202 115 "-" "curl/7.35.0"
127.0.0.1 - - [30/Sep/2015:16:32:11 +0530] "POST /services/CloudControllerService/ HTTP/1.1" 200 374 "-" "Axis2"
127.0.0.1 - - [30/Sep/2015:16:32:11 +0530] "POST /services/CloudControllerService/ HTTP/1.1" 200 336 "-" "Axis2"
127.0.0.1 - - [30/Sep/2015:16:32:12 +0530] "POST /services/CloudControllerService/ HTTP/1.1" 200 1984 "-" "Axis2"
127.0.0.1 - - [30/Sep/2015:16:32:12 +0530] "POST /services/CloudControllerService HTTP/1.1" 200 3061 "-" "Private PaaS-4.1.0-SNAPSHOT"
127.0.0.1 - - [30/Sep/2015:16:32:15 +0530] "POST /mock-iaas/api/instances/ HTTP/1.1" 200 131 "-" "Apache-HttpClient/4.3.5 (java 1.5)"
127.0.0.1 - - [30/Sep/2015:16:32:15 +0530] "POST /mock-iaas/api/instances/wso2as-521-application.wso2as-521-manager.wso2as-521-manager.domain0ce02b5b-54f0-41c8-bdcf-c8e6412fcbd6/allocateIpAddress HTTP/1.1" 200 190 "-" "Apache-HttpClient/4.3.5 (java 1.5)"
127.0.0.1 - - [30/Sep/2015:16:32:23 +0530] "POST /services/CloudControllerService/ HTTP/1.1" 200 374 "-" "Axis2"
127.0.0.1 - - [30/Sep/2015:16:32:23 +0530] "POST /services/CloudControllerService/ HTTP/1.1" 200 374 "-" "Axis2"
127.0.0.1 - - [30/Sep/2015:16:32:23 +0530] "POST /services/CloudControllerService/ HTTP/1.1" 200 336 "-" "Axis2"
127.0.0.1 - - [30/Sep/2015:16:32:23 +0530] "POST /services/CloudControllerService/ HTTP/1.1" 200 336 "-" "Axis2"
127.0.0.1 - - [30/Sep/2015:16:32:23 +0530] "POST /services/CloudControllerService/ HTTP/1.1" 200 1984 "-" "Axis2"
127.0.0.1 - - [30/Sep/2015:16:32:23 +0530] "POST /services/CloudControllerService HTTP/1.1" 200 3054 "-" "Private PaaS-4.1.0-SNAPSHOT"
127.0.0.1 - - [30/Sep/2015:16:32:23 +0530] "POST /services/CloudControllerService HTTP/1.1" 200 3054 "-" "Private PaaS-4.1.0-SNAPSHOT"
127.0.0.1 - - [30/Sep/2015:16:32:25 +0530] "POST /mock-iaas/api/instances/ HTTP/1.1" 200 129 "-" "Apache-HttpClient/4.3.5 (java 1.5)"
127.0.0.1 - - [30/Sep/2015:16:32:25 +0530] "POST /mock-iaas/api/instances/wso2as-521-application.wso2as-521-worker.wso2as-521-worker.domain7f66ac3d-cc37-4083-95ed-144e9dfc1875/allocateIpAddress HTTP/1.1" 200 188 "-" "Apache-HttpClient/4.3.5 (java 1.5)"
127.0.0.1 - - [30/Sep/2015:16:32:25 +0530] "POST /services/AutoscalerService/ HTTP/1.1" 200 7819 "-" "Axis2"
127.0.0.1 - - [30/Sep/2015:16:32:25 +0530] "POST /services/StratosManagerService/ HTTP/1.1" 200 330 "-" "Axis2"
127.0.0.1 - - [30/Sep/2015:16:32:25 +0530] "GET /api/v4.1/applications HTTP/1.1" 200 666 "-" "Jakarta Commons-HttpClient/3.1"
10.100.7.71 - - [30/Sep/2015:16:32:26 +0530] "GET /console/applications/ HTTP/1.1" 200 4642 "https://172.17.42.1:9443/console/applications/" "Mozilla/5.0 (X11; Linux x86_64) AppleWebKit/537.36 (KHTML, like Gecko) Chrome/44.0.2403.157 Safari/537.36"
127.0.0.1 - - [30/Sep/2015:16:32:27 +0530] "POST /mock-iaas/api/instances/ HTTP/1.1" 200 129 "-" "Apache-HttpClient/4.3.5 (java 1.5)"
127.0.0.1 - - [30/Sep/2015:16:32:27 +0530] "POST /mock-iaas/api/instances/wso2as-521-application.wso2as-521-worker.wso2as-521-worker.domaind5e0c135-57a2-42bc-8202-23cf8f5bc848/allocateIpAddress HTTP/1.1" 200 188 "-" "Apache-HttpClient/4.3.5 (java 1.5)"
127.0.0.1 - - [30/Sep/2015:16:32:27 +0530] "POST /services/AutoscalerService/ HTTP/1.1" 200 7817 "-" "Axis2"
127.0.0.1 - - [30/Sep/2015:16:32:28 +0530] "GET /api/v4.1/applications/wso2as-521-application/runtime HTTP/1.1" 200 3193 "-" "Jakarta Commons-HttpClient/3.1"
127.0.0.1 - - [30/Sep/2015:16:32:28 +0530] "POST /services/AutoscalerService/ HTTP/1.1" 200 7817 "-" "Axis2"
127.0.0.1 - - [30/Sep/2015:16:32:28 +0530] "GET /api/v4.1/applications/wso2as-521-application HTTP/1.1" 200 659 "-" "Jakarta Commons-HttpClient/3.1"
127.0.0.1 - - [30/Sep/2015:16:32:28 +0530] "POST /services/AutoscalerService/ HTTP/1.1" 200 7819 "-" "Axis2"
127.0.0.1 - - [30/Sep/2015:16:32:28 +0530] "POST /services/StratosManagerService/ HTTP/1.1" 200 330 "-" "Axis2"
127.0.0.1 - - [30/Sep/2015:16:32:28 +0530] "GET /api/v4.1/applications HTTP/1.1" 200 666 "-" "Jakarta Commons-HttpClient/3.1"
10.100.7.71 - - [30/Sep/2015:16:32:28 +0530] "GET /console/applications/wso2as-521-application/ HTTP/1.1" 200 5595 "https://172.17.42.1:9443/console/applications/" "Mozilla/5.0 (X11; Linux x86_64) AppleWebKit/537.36 (KHTML, like Gecko) Chrome/44.0.2403.157 Safari/537.36"
10.100.7.71 - - [30/Sep/2015:16:32:28 +0530] "GET /console/themes/privatePaaS/images/topology/member.png HTTP/1.1" 200 1334 "https://172.17.42.1:9443/console/applications/wso2as-521-application/" "Mozilla/5.0 (X11; Linux x86_64) AppleWebKit/537.36 (KHTML, like Gecko) Chrome/44.0.2403.157 Safari/537.36"
127.0.0.1 - - [30/Sep/2015:16:32:31 +0530] "POST /services/AutoscalerService/ HTTP/1.1" 200 7817 "-" "Axis2"
127.0.0.1 - - [30/Sep/2015:16:32:31 +0530] "GET /api/v4.1/applications/wso2as-521-application/runtime HTTP/1.1" 200 3187 "-" "Jakarta Commons-HttpClient/3.1"
10.100.7.71 - - [30/Sep/2015:16:32:31 +0530] "GET /console/controllers/applications/application_getrequests.jag?formtype=applicationtopology&appId=wso2as-521-application HTTP/1.1" 200 711 "https://172.17.42.1:9443/console/applications/wso2as-521-application/" "Mozilla/5.0 (X11; Linux x86_64) AppleWebKit/537.36 (KHTML, like Gecko) Chrome/44.0.2403.157 Safari/537.36"
127.0.0.1 - - [30/Sep/2015:16:32:31 +0530] "POST /services/AutoscalerService/ HTTP/1.1" 200 7817 "-" "Axis2"
127.0.0.1 - - [30/Sep/2015:16:32:31 +0530] "GET /api/v4.1/applications/wso2as-521-application/runtime HTTP/1.1" 200 3187 "-" "Jakarta Commons-HttpClient/3.1"
10.100.7.71 - - [30/Sep/2015:16:32:31 +0530] "GET /console/controllers/applications/application_getrequests.jag?formtype=applicationtopology&appId=wso2as-521-application HTTP/1.1" 200 711 "https://172.17.42.1:9443/console/applications/wso2as-521-application/" "Mozilla/5.0 (X11; Linux x86_64) AppleWebKit/537.36 (KHTML, like Gecko) Chrome/44.0.2403.157 Safari/537.36"
127.0.0.1 - - [30/Sep/2015:16:32:32 +0530] "POST /services/AutoscalerService/ HTTP/1.1" 200 7817 "-" "Axis2"
127.0.0.1 - - [30/Sep/2015:16:32:32 +0530] "GET /api/v4.1/applications/wso2as-521-application/runtime HTTP/1.1" 200 3187 "-" "Jakarta Commons-HttpClient/3.1"
10.100.7.71 - - [30/Sep/2015:16:32:32 +0530] "GET /console/controllers/applications/application_getrequests.jag?formtype=applicationtopology&appId=wso2as-521-application HTTP/1.1" 200 711 "https://172.17.42.1:9443/console/applications/wso2as-521-application/" "Mozilla/5.0 (X11; Linux x86_64) AppleWebKit/537.36 (KHTML, like Gecko) Chrome/44.0.2403.157 Safari/537.36"
127.0.0.1 - - [30/Sep/2015:16:32:32 +0530] "POST /services/AutoscalerService/ HTTP/1.1" 200 7817 "-" "Axis2"
127.0.0.1 - - [30/Sep/2015:16:32:32 +0530] "GET /api/v4.1/applications/wso2as-521-application/runtime HTTP/1.1" 200 3187 "-" "Jakarta Commons-HttpClient/3.1"
10.100.7.71 - - [30/Sep/2015:16:32:32 +0530] "GET /console/controllers/applications/application_getrequests.jag?formtype=applicationtopology&appId=wso2as-521-application HTTP/1.1" 200 711 "https://172.17.42.1:9443/console/applications/wso2as-521-application/" "Mozilla/5.0 (X11; Linux x86_64) AppleWebKit/537.36 (KHTML, like Gecko) Chrome/44.0.2403.157 Safari/537.36"
127.0.0.1 - - [30/Sep/2015:16:32:53 +0530] "POST /services/AutoscalerService/ HTTP/1.1" 200 7817 "-" "Axis2"
127.0.0.1 - - [30/Sep/2015:16:32:53 +0530] "GET /api/v4.1/applications/wso2as-521-application/runtime HTTP/1.1" 200 3292 "-" "Jakarta Commons-HttpClient/3.1"
10.100.7.71 - - [30/Sep/2015:16:32:53 +0530] "GET /console/controllers/applications/application_getrequests.jag?formtype=applicationtopology&appId=wso2as-521-application HTTP/1.1" 200 689 "https://172.17.42.1:9443/console/applications/wso2as-521-application/" "Mozilla/5.0 (X11; Linux x86_64) AppleWebKit/537.36 (KHTML, like Gecko) Chrome/44.0.2403.157 Safari/537.36"
127.0.0.1 - - [30/Sep/2015:16:32:54 +0530] "POST /services/AutoscalerService/ HTTP/1.1" 200 7817 "-" "Axis2"
127.0.0.1 - - [30/Sep/2015:16:32:54 +0530] "GET /api/v4.1/applications/wso2as-521-application/runtime HTTP/1.1" 200 3292 "-" "Jakarta Commons-HttpClient/3.1"
10.100.7.71 - - [30/Sep/2015:16:32:54 +0530] "GET /console/controllers/applications/application_getrequests.jag?formtype=applicationtopology&appId=wso2as-521-application HTTP/1.1" 200 689 "https://172.17.42.1:9443/console/applications/wso2as-521-application/" "Mozilla/5.0 (X11; Linux x86_64) AppleWebKit/537.36 (KHTML, like Gecko) Chrome/44.0.2403.157 Safari/537.36"
127.0.0.1 - - [30/Sep/2015:16:33:13 +0530] "POST /services/AutoscalerService/ HTTP/1.1" 200 7817 "-" "Axis2"
127.0.0.1 - - [30/Sep/2015:16:33:13 +0530] "POST /services/StratosManagerService/ HTTP/1.1" 200 408 "-" "Axis2"
127.0.0.1 - - [30/Sep/2015:16:33:13 +0530] "POST /services/StratosManagerService/ HTTP/1.1" 200 408 "-" "Axis2"
127.0.0.1 - - [30/Sep/2015:16:33:13 +0530] "POST /services/AutoscalerService/ HTTP/1.1" 200 326 "-" "Axis2"
127.0.0.1 - - [30/Sep/2015:16:33:13 +0530] "POST /api/applications/wso2as-521-application/undeploy HTTP/1.1" 202 134 "-" "curl/7.35.0"
127.0.0.1 - - [30/Sep/2015:16:33:15 +0530] "POST /services/CloudControllerService HTTP/1.1" 200 540 "-" "Private PaaS-4.1.0-SNAPSHOT"
127.0.0.1 - - [30/Sep/2015:16:33:15 +0530] "DELETE /mock-iaas/api/instances/wso2as-521-application.wso2as-521-manager.wso2as-521-manager.domain0ce02b5b-54f0-41c8-bdcf-c8e6412fcbd6 HTTP/1.1" 200 - "-" "Apache-HttpClient/4.3.5 (java 1.5)"
127.0.0.1 - - [30/Sep/2015:16:33:15 +0530] "POST /services/CloudControllerService HTTP/1.1" 200 540 "-" "Private PaaS-4.1.0-SNAPSHOT"
127.0.0.1 - - [30/Sep/2015:16:33:15 +0530] "POST /services/CloudControllerService HTTP/1.1" 200 540 "-" "Private PaaS-4.1.0-SNAPSHOT"
127.0.0.1 - - [30/Sep/2015:16:33:15 +0530] "DELETE /mock-iaas/api/instances/wso2as-521-application.wso2as-521-worker.wso2as-521-worker.domain7f66ac3d-cc37-4083-95ed-144e9dfc1875 HTTP/1.1" 200 - "-" "Apache-HttpClient/4.3.5 (java 1.5)"
127.0.0.1 - - [30/Sep/2015:16:33:15 +0530] "DELETE /mock-iaas/api/instances/wso2as-521-application.wso2as-521-worker.wso2as-521-worker.domaind5e0c135-57a2-42bc-8202-23cf8f5bc848 HTTP/1.1" 200 - "-" "Apache-HttpClient/4.3.5 (java 1.5)"
127.0.0.1 - - [30/Sep/2015:16:33:18 +0530] "POST /services/AutoscalerService/ HTTP/1.1" 200 7816 "-" "Axis2"
127.0.0.1 - - [30/Sep/2015:16:33:18 +0530] "POST /services/AutoscalerService/ HTTP/1.1" 200 7816 "-" "Axis2"
127.0.0.1 - - [30/Sep/2015:16:33:18 +0530] "POST /services/AutoscalerService/ HTTP/1.1" 200 322 "-" "Axis2"
127.0.0.1 - - [30/Sep/2015:16:33:18 +0530] "POST /services/StratosManagerService/ HTTP/1.1" 202 5 "-" "Axis2"
127.0.0.1 - - [30/Sep/2015:16:33:18 +0530] "POST /services/StratosManagerService/ HTTP/1.1" 202 5 "-" "Axis2"
127.0.0.1 - - [30/Sep/2015:16:33:18 +0530] "DELETE /api/applications/wso2as-521-application HTTP/1.1" 200 114 "-" "curl/7.35.0"
127.0.0.1 - - [30/Sep/2015:16:33:19 +0530] "POST /services/AutoscalerService/ HTTP/1.1" 200 334 "-" "Axis2"
127.0.0.1 - - [30/Sep/2015:16:33:19 +0530] "DELETE /api/applicationPolicies/application-policy-1 HTTP/1.1" 200 126 "-" "curl/7.35.0"
127.0.0.1 - - [30/Sep/2015:16:33:19 +0530] "POST /services/AutoscalerService/ HTTP/1.1" 200 334 "-" "Axis2"
127.0.0.1 - - [30/Sep/2015:16:33:19 +0530] "DELETE /api/deploymentPolicies/deployment-policy-1 HTTP/1.1" 200 126 "-" "curl/7.35.0"
127.0.0.1 - - [30/Sep/2015:16:33:19 +0530] "POST /services/AutoscalerService/ HTTP/1.1" 200 1151 "-" "Axis2"
127.0.0.1 - - [30/Sep/2015:16:33:19 +0530] "POST /services/AutoscalerService/ HTTP/1.1" 200 1157 "-" "Axis2"
127.0.0.1 - - [30/Sep/2015:16:33:19 +0530] "POST /services/AutoscalerService/ HTTP/1.1" 200 1158 "-" "Axis2"
127.0.0.1 - - [30/Sep/2015:16:33:19 +0530] "POST /services/CloudControllerService/ HTTP/1.1" 200 338 "-" "Axis2"
127.0.0.1 - - [30/Sep/2015:16:33:19 +0530] "DELETE /api/networkPartitions/network-partition-mock HTTP/1.1" 200 126 "-" "curl/7.35.0"
127.0.0.1 - - [30/Sep/2015:16:33:19 +0530] "POST /services/AutoscalerService/ HTTP/1.1" 200 334 "-" "Axis2"
127.0.0.1 - - [30/Sep/2015:16:33:19 +0530] "DELETE /api/autoscalingPolicies/autoscaling-policy-1 HTTP/1.1" 200 124 "-" "curl/7.35.0"
127.0.0.1 - - [30/Sep/2015:16:33:20 +0530] "POST /services/AutoscalerService/ HTTP/1.1" 200 1721 "-" "Axis2"
127.0.0.1 - - [30/Sep/2015:16:33:20 +0530] "POST /services/StratosManagerService/ HTTP/1.1" 200 337 "-" "Axis2"
127.0.0.1 - - [30/Sep/2015:16:33:20 +0530] "POST /services/AutoscalerService/ HTTP/1.1" 200 1721 "-" "Axis2"
127.0.0.1 - - [30/Sep/2015:16:33:20 +0530] "POST /services/AutoscalerService/ HTTP/1.1" 200 324 "-" "Axis2"
127.0.0.1 - - [30/Sep/2015:16:33:20 +0530] "POST /services/StratosManagerService/ HTTP/1.1" 202 5 "-" "Axis2"
127.0.0.1 - - [30/Sep/2015:16:33:20 +0530] "DELETE /api/cartridgeGroups/wso2as-521-group HTTP/1.1" 200 116 "-" "curl/7.35.0"
127.0.0.1 - - [30/Sep/2015:16:33:20 +0530] "POST /services/CloudControllerService/ HTTP/1.1" 200 2528 "-" "Axis2"
127.0.0.1 - - [30/Sep/2015:16:33:20 +0530] "POST /services/StratosManagerService/ HTTP/1.1" 200 327 "-" "Axis2"
127.0.0.1 - - [30/Sep/2015:16:33:20 +0530] "POST /services/CloudControllerService/ HTTP/1.1" 200 324 "-" "Axis2"
127.0.0.1 - - [30/Sep/2015:16:33:20 +0530] "DELETE /api/cartridges/wso2as-521-manager HTTP/1.1" 200 111 "-" "curl/7.35.0"
127.0.0.1 - - [30/Sep/2015:16:33:20 +0530] "POST /services/CloudControllerService/ HTTP/1.1" 200 2521 "-" "Axis2"
127.0.0.1 - - [30/Sep/2015:16:33:20 +0530] "POST /services/StratosManagerService/ HTTP/1.1" 200 327 "-" "Axis2"
127.0.0.1 - - [30/Sep/2015:16:33:20 +0530] "POST /services/CloudControllerService/ HTTP/1.1" 200 324 "-" "Axis2"
127.0.0.1 - - [30/Sep/2015:16:33:20 +0530] "DELETE /api/cartridges/wso2as-521-worker HTTP/1.1" 200 110 "-" "curl/7.35.0"
127.0.0.1 - - [30/Sep/2015:16:33:26 +0530] "POST /services/AutoscalerService/ HTTP/1.1" 200 1151 "-" "Axis2"
127.0.0.1 - - [30/Sep/2015:16:33:26 +0530] "GET /api/v4.1/applications HTTP/1.1" 404 63 "-" "Jakarta Commons-HttpClient/3.1"
10.100.7.71 - - [30/Sep/2015:16:33:26 +0530] "GET /console/applications/ HTTP/1.1" 200 4157 "https://172.17.42.1:9443/console/applications/wso2as-521-application/" "Mozilla/5.0 (X11; Linux x86_64) AppleWebKit/537.36 (KHTML, like Gecko) Chrome/44.0.2403.157 Safari/537.36"
10.100.7.71 - - [30/Sep/2015:16:34:49 +0530] "GET /console/applications/ HTTP/1.1" 302 - "https://172.17.42.1:9443/console/applications/" "Mozilla/5.0 (X11; Linux x86_64) AppleWebKit/537.36 (KHTML, like Gecko) Chrome/44.0.2403.157 Safari/537.36"
10.100.7.71 - - [30/Sep/2015:16:34:49 +0530] "GET /console/login/ HTTP/1.1" 200 1877 "https://172.17.42.1:9443/console/applications/" "Mozilla/5.0 (X11; Linux x86_64) AppleWebKit/537.36 (KHTML, like Gecko) Chrome/44.0.2403.157 Safari/537.36"
127.0.0.1 - - [30/Sep/2015:16:34:54 +0530] "GET /api/v4.1/session HTTP/1.1" 200 62 "-" "Jakarta Commons-HttpClient/3.1"
10.100.7.71 - - [30/Sep/2015:16:34:54 +0530] "POST /console/controllers/login/login.jag HTTP/1.1" 200 16 "https://172.17.42.1:9443/console/login/" "Mozilla/5.0 (X11; Linux x86_64) AppleWebKit/537.36 (KHTML, like Gecko) Chrome/44.0.2403.157 Safari/537.36"
10.100.7.71 - - [30/Sep/2015:16:34:54 +0530] "GET /console HTTP/1.1" 302 - "https://172.17.42.1:9443/console/login/" "Mozilla/5.0 (X11; Linux x86_64) AppleWebKit/537.36 (KHTML, like Gecko) Chrome/44.0.2403.157 Safari/537.36"
10.100.7.71 - - [30/Sep/2015:16:34:54 +0530] "GET /console/ HTTP/1.1" 200 3019 "https://172.17.42.1:9443/console/login/" "Mozilla/5.0 (X11; Linux x86_64) AppleWebKit/537.36 (KHTML, like Gecko) Chrome/44.0.2403.157 Safari/537.36"
127.0.0.1 - - [30/Sep/2015:16:34:56 +0530] "POST /services/AutoscalerService/ HTTP/1.1" 200 1151 "-" "Axis2"
127.0.0.1 - - [30/Sep/2015:16:34:56 +0530] "GET /api/v4.1/applications HTTP/1.1" 404 63 "-" "Jakarta Commons-HttpClient/3.1"
10.100.7.71 - - [30/Sep/2015:16:34:56 +0530] "GET /console/applications/ HTTP/1.1" 200 4157 "https://172.17.42.1:9443/console/" "Mozilla/5.0 (X11; Linux x86_64) AppleWebKit/537.36 (KHTML, like Gecko) Chrome/44.0.2403.157 Safari/537.36"
127.0.0.1 - - [30/Sep/2015:16:35:59 +0530] "POST /services/AutoscalerService/ HTTP/1.1" 200 328 "-" "Axis2"
127.0.0.1 - - [30/Sep/2015:16:35:59 +0530] "POST /api/autoscalingPolicies HTTP/1.1" 201 122 "-" "curl/7.35.0"
127.0.0.1 - - [30/Sep/2015:16:35:59 +0530] "POST /services/CloudControllerService/ HTTP/1.1" 200 332 "-" "Axis2"
127.0.0.1 - - [30/Sep/2015:16:35:59 +0530] "POST /api/networkPartitions HTTP/1.1" 201 124 "-" "curl/7.35.0"
127.0.0.1 - - [30/Sep/2015:16:36:00 +0530] "POST /services/CloudControllerService/ HTTP/1.1" 200 1984 "-" "Axis2"
127.0.0.1 - - [30/Sep/2015:16:36:00 +0530] "POST /api/deploymentPolicies HTTP/1.1" 201 124 "-" "curl/7.35.0"
127.0.0.1 - - [30/Sep/2015:16:36:00 +0530] "POST /services/AutoscalerService/ HTTP/1.1" 200 328 "-" "Axis2"
127.0.0.1 - - [30/Sep/2015:16:36:00 +0530] "POST /services/CloudControllerService/ HTTP/1.1" 500 1336 "-" "Axis2"
127.0.0.1 - - [30/Sep/2015:16:36:00 +0530] "POST /services/CloudControllerService/ HTTP/1.1" 200 318 "-" "Axis2"
127.0.0.1 - - [30/Sep/2015:16:36:00 +0530] "POST /api/cartridges HTTP/1.1" 201 109 "-" "curl/7.35.0"
127.0.0.1 - - [30/Sep/2015:16:36:00 +0530] "POST /services/CloudControllerService/ HTTP/1.1" 500 1334 "-" "Axis2"
127.0.0.1 - - [30/Sep/2015:16:36:00 +0530] "POST /services/CloudControllerService/ HTTP/1.1" 200 318 "-" "Axis2"
127.0.0.1 - - [30/Sep/2015:16:36:00 +0530] "POST /api/cartridges HTTP/1.1" 201 108 "-" "curl/7.35.0"
127.0.0.1 - - [30/Sep/2015:16:36:00 +0530] "POST /services/CloudControllerService/ HTTP/1.1" 200 2528 "-" "Axis2"
127.0.0.1 - - [30/Sep/2015:16:36:00 +0530] "POST /services/CloudControllerService/ HTTP/1.1" 200 2521 "-" "Axis2"
127.0.0.1 - - [30/Sep/2015:16:36:00 +0530] "POST /services/AutoscalerService/ HTTP/1.1" 200 318 "-" "Axis2"
127.0.0.1 - - [30/Sep/2015:16:36:00 +0530] "POST /services/StratosManagerService/ HTTP/1.1" 202 5 "-" "Axis2"
127.0.0.1 - - [30/Sep/2015:16:36:00 +0530] "POST /api/cartridgeGroups HTTP/1.1" 201 114 "-" "curl/7.35.0"
127.0.0.1 - - [30/Sep/2015:16:36:01 +0530] "POST /services/CloudControllerService/ HTTP/1.1" 200 1984 "-" "Axis2"
127.0.0.1 - - [30/Sep/2015:16:36:01 +0530] "POST /services/AutoscalerService/ HTTP/1.1" 200 328 "-" "Axis2"
127.0.0.1 - - [30/Sep/2015:16:36:01 +0530] "POST /api/applicationPolicies HTTP/1.1" 201 124 "-" "curl/7.35.0"
127.0.0.1 - - [30/Sep/2015:16:36:02 +0530] "POST /services/AutoscalerService/ HTTP/1.1" 200 321 "-" "Axis2"
127.0.0.1 - - [30/Sep/2015:16:36:02 +0530] "POST /services/OAuthAdminService HTTP/1.1" 202 5 "-" "Private PaaS-4.1.0-SNAPSHOT"
127.0.0.1 - - [30/Sep/2015:16:36:02 +0530] "POST /services/OAuthAdminService HTTP/1.1" 200 1227 "-" "Private PaaS-4.1.0-SNAPSHOT"
127.0.0.1 - - [30/Sep/2015:16:36:02 +0530] "POST /services/IdentityApplicationManagementService HTTP/1.1" 200 508 "-" "Private PaaS-4.1.0-SNAPSHOT"
127.0.0.1 - - [30/Sep/2015:16:36:02 +0530] "POST /services/IdentityApplicationManagementService HTTP/1.1" 200 2524 "-" "Private PaaS-4.1.0-SNAPSHOT"
127.0.0.1 - - [30/Sep/2015:16:36:03 +0530] "POST /services/IdentityApplicationManagementService HTTP/1.1" 202 5 "-" "Private PaaS-4.1.0-SNAPSHOT"
127.0.0.1 - - [30/Sep/2015:16:36:03 +0530] "POST /oauth2/token HTTP/1.1" 200 613 "-" "Java/1.7.0_79"
127.0.0.1 - - [30/Sep/2015:16:36:03 +0530] "POST /services/CloudControllerService/ HTTP/1.1" 200 2528 "-" "Axis2"
127.0.0.1 - - [30/Sep/2015:16:36:03 +0530] "POST /services/CloudControllerService/ HTTP/1.1" 200 2521 "-" "Axis2"
127.0.0.1 - - [30/Sep/2015:16:36:03 +0530] "POST /services/CloudControllerService/ HTTP/1.1" 200 2528 "-" "Axis2"
127.0.0.1 - - [30/Sep/2015:16:36:03 +0530] "POST /services/CloudControllerService/ HTTP/1.1" 200 2528 "-" "Axis2"
127.0.0.1 - - [30/Sep/2015:16:36:03 +0530] "POST /services/CloudControllerService/ HTTP/1.1" 200 2521 "-" "Axis2"
127.0.0.1 - - [30/Sep/2015:16:36:03 +0530] "POST /services/CloudControllerService/ HTTP/1.1" 200 2521 "-" "Axis2"
127.0.0.1 - - [30/Sep/2015:16:36:03 +0530] "POST /services/CloudControllerService/ HTTP/1.1" 200 2528 "-" "Axis2"
127.0.0.1 - - [30/Sep/2015:16:36:03 +0530] "POST /services/CloudControllerService/ HTTP/1.1" 200 2521 "-" "Axis2"
127.0.0.1 - - [30/Sep/2015:16:36:03 +0530] "POST /services/AutoscalerService/ HTTP/1.1" 200 316 "-" "Axis2"
127.0.0.1 - - [30/Sep/2015:16:36:04 +0530] "POST /services/StratosManagerService/ HTTP/1.1" 202 5 "-" "Axis2"
127.0.0.1 - - [30/Sep/2015:16:36:04 +0530] "POST /services/StratosManagerService/ HTTP/1.1" 202 5 "-" "Axis2"
127.0.0.1 - - [30/Sep/2015:16:36:04 +0530] "POST /api/applications HTTP/1.1" 201 112 "-" "curl/7.35.0"
127.0.0.1 - - [30/Sep/2015:16:36:05 +0530] "POST /services/AutoscalerService/ HTTP/1.1" 200 7816 "-" "Axis2"
127.0.0.1 - - [30/Sep/2015:16:36:05 +0530] "POST /services/AutoscalerService/ HTTP/1.1" 200 7816 "-" "Axis2"
127.0.0.1 - - [30/Sep/2015:16:36:05 +0530] "POST /services/CloudControllerService HTTP/1.1" 200 564 "-" "Private PaaS-4.1.0-SNAPSHOT"
127.0.0.1 - - [30/Sep/2015:16:36:05 +0530] "POST /services/AutoscalerService/ HTTP/1.1" 200 322 "-" "Axis2"
127.0.0.1 - - [30/Sep/2015:16:36:05 +0530] "POST /api/applications/wso2as-521-application/deploy/application-policy-1 HTTP/1.1" 202 115 "-" "curl/7.35.0"
127.0.0.1 - - [30/Sep/2015:16:36:05 +0530] "POST /services/CloudControllerService/ HTTP/1.1" 200 374 "-" "Axis2"
127.0.0.1 - - [30/Sep/2015:16:36:05 +0530] "POST /services/CloudControllerService/ HTTP/1.1" 200 336 "-" "Axis2"
127.0.0.1 - - [30/Sep/2015:16:36:06 +0530] "POST /services/CloudControllerService/ HTTP/1.1" 200 1984 "-" "Axis2"
127.0.0.1 - - [30/Sep/2015:16:36:06 +0530] "POST /services/CloudControllerService HTTP/1.1" 200 3061 "-" "Private PaaS-4.1.0-SNAPSHOT"
127.0.0.1 - - [30/Sep/2015:16:36:08 +0530] "POST /mock-iaas/api/instances/ HTTP/1.1" 200 131 "-" "Apache-HttpClient/4.3.5 (java 1.5)"
127.0.0.1 - - [30/Sep/2015:16:36:08 +0530] "POST /mock-iaas/api/instances/wso2as-521-application.wso2as-521-manager.wso2as-521-manager.domain877a5933-77e5-4bc6-a514-5b0b7b14ca1b/allocateIpAddress HTTP/1.1" 200 190 "-" "Apache-HttpClient/4.3.5 (java 1.5)"
127.0.0.1 - - [30/Sep/2015:16:36:16 +0530] "POST /services/CloudControllerService/ HTTP/1.1" 200 374 "-" "Axis2"
127.0.0.1 - - [30/Sep/2015:16:36:16 +0530] "POST /services/CloudControllerService/ HTTP/1.1" 200 374 "-" "Axis2"
127.0.0.1 - - [30/Sep/2015:16:36:16 +0530] "POST /services/CloudControllerService/ HTTP/1.1" 200 336 "-" "Axis2"
127.0.0.1 - - [30/Sep/2015:16:36:16 +0530] "POST /services/CloudControllerService/ HTTP/1.1" 200 336 "-" "Axis2"
127.0.0.1 - - [30/Sep/2015:16:36:16 +0530] "POST /services/CloudControllerService/ HTTP/1.1" 200 1984 "-" "Axis2"
127.0.0.1 - - [30/Sep/2015:16:36:17 +0530] "POST /services/CloudControllerService HTTP/1.1" 200 3054 "-" "Private PaaS-4.1.0-SNAPSHOT"
127.0.0.1 - - [30/Sep/2015:16:36:17 +0530] "POST /services/CloudControllerService HTTP/1.1" 200 3054 "-" "Private PaaS-4.1.0-SNAPSHOT"
127.0.0.1 - - [30/Sep/2015:16:36:19 +0530] "POST /mock-iaas/api/instances/ HTTP/1.1" 200 129 "-" "Apache-HttpClient/4.3.5 (java 1.5)"
127.0.0.1 - - [30/Sep/2015:16:36:19 +0530] "POST /mock-iaas/api/instances/wso2as-521-application.wso2as-521-worker.wso2as-521-worker.domain32e0c117-eaab-40d6-9b3b-b21c0ab7e323/allocateIpAddress HTTP/1.1" 200 188 "-" "Apache-HttpClient/4.3.5 (java 1.5)"
127.0.0.1 - - [30/Sep/2015:16:36:21 +0530] "POST /mock-iaas/api/instances/ HTTP/1.1" 200 129 "-" "Apache-HttpClient/4.3.5 (java 1.5)"
127.0.0.1 - - [30/Sep/2015:16:36:21 +0530] "POST /mock-iaas/api/instances/wso2as-521-application.wso2as-521-worker.wso2as-521-worker.domain9b09a46a-a66a-4a18-8f19-370e06eab931/allocateIpAddress HTTP/1.1" 200 188 "-" "Apache-HttpClient/4.3.5 (java 1.5)"
